[0407/202425.743:INFO:CONSOLE:1] "BooleanExpression with operator "numericEquals" had an expression that evaluated to null on one side.", source: https://static.licdn.com/aero-v1/sc/h/assets/sdui-bMu0n9w8.es.js (1)
[0407/202425.768:INFO:CONSOLE:1] "BooleanExpression with operator "numericEquals" had an expression that evaluated to null on one side.", source: https://static.licdn.com/aero-v1/sc/h/assets/sdui-bMu0n9w8.es.js (1)
[0407/202425.784:INFO:CONSOLE:1] "BooleanExpression with operator "numericEquals" had an expression that evaluated to null on one side.", source: https://static.licdn.com/aero-v1/sc/h/assets/sdui-bMu0n9w8.es.js (1)
[0407/202425.785:INFO:CONSOLE:1] "BooleanExpression with operator "numericEquals" had an expression that evaluated to null on one side.", source: https://static.licdn.com/aero-v1/sc/h/assets/sdui-bMu0n9w8.es.js (1)
[0407/202425.822:INFO:CONSOLE:1] "BooleanExpression with operator "stringEquals" had an expression that evaluated to null on one side.", source: https://static.licdn.com/aero-v1/sc/h/assets/sdui-bMu0n9w8.es.js (1)
[0407/202425.822:INFO:CONSOLE:1] "BooleanExpression with operator "not" had an expression that evaluated to null on one side.", source: https://static.licdn.com/aero-v1/sc/h/assets/sdui-bMu0n9w8.es.js (1)
[0407/202425.823:INFO:CONSOLE:1] "BooleanExpression with operator "stringEquals" had an expression that evaluated to null on one side.", source: https://static.licdn.com/aero-v1/sc/h/assets/sdui-bMu0n9w8.es.js (1)
[0407/202425.824:INFO:CONSOLE:1] "BooleanExpression with operator "not" had an expression that evaluated to null on one side.", source: https://static.licdn.com/aero-v1/sc/h/assets/sdui-bMu0n9w8.es.js (1)
[0407/202425.827:INFO:CONSOLE:1] "BooleanExpression with operator "stringEquals" had an expression that evaluated to null on one side.", source: https://static.licdn.com/aero-v1/sc/h/assets/sdui-bMu0n9w8.es.js (1)
[0407/202425.828:INFO:CONSOLE:1] "BooleanExpression with operator "or" had an expression that evaluated to null on one side.", source: https://static.licdn.com/aero-v1/sc/h/assets/sdui-bMu0n9w8.es.js (1)
[0407/202425.828:INFO:CONSOLE:1] "BooleanExpression with operator "not" had an expression that evaluated to null on one side.", source: https://static.licdn.com/aero-v1/sc/h/assets/sdui-bMu0n9w8.es.js (1)
[0407/202425.829:INFO:CONSOLE:1] "BooleanExpression with operator "and" had an expression that evaluated to null on one side.", source: https://static.licdn.com/aero-v1/sc/h/assets/sdui-bMu0n9w8.es.js (1)
[0407/202425.830:INFO:CONSOLE:1] "BooleanExpression with operator "stringEquals" had an expression that evaluated to null on one side.", source: https://static.licdn.com/aero-v1/sc/h/assets/sdui-bMu0n9w8.es.js (1)
[0407/202425.830:INFO:CONSOLE:1] "BooleanExpression with operator "or" had an expression that evaluated to null on one side.", source: https://static.licdn.com/aero-v1/sc/h/assets/sdui-bMu0n9w8.es.js (1)
[0407/202425.831:INFO:CONSOLE:1] "BooleanExpression with operator "not" had an expression that evaluated to null on one side.", source: https://static.licdn.com/aero-v1/sc/h/assets/sdui-bMu0n9w8.es.js (1)
[0407/202425.832:INFO:CONSOLE:1] "BooleanExpression with operator "and" had an expression that evaluated to null on one side.", source: https://static.licdn.com/aero-v1/sc/h/assets/sdui-bMu0n9w8.es.js (1)
[0407/202425.920:INFO:CONSOLE:1] "BooleanExpression with operator "stringEquals" had an expression that evaluated to null on one side.", source: https://static.licdn.com/aero-v1/sc/h/assets/sdui-bMu0n9w8.es.js (1)
[0407/202425.921:INFO:CONSOLE:1] "BooleanExpression with operator "stringEquals" had an expression that evaluated to null on one side.", source: https://static.licdn.com/aero-v1/sc/h/assets/sdui-bMu0n9w8.es.js (1)
[0407/202425.921:INFO:CONSOLE:1] "BooleanExpression with operator "stringEquals" had an expression that evaluated to null on one side.", source: https://static.licdn.com/aero-v1/sc/h/assets/sdui-bMu0n9w8.es.js (1)
[0407/202425.922:INFO:CONSOLE:1] "BooleanExpression with operator "stringEquals" had an expression that evaluated to null on one side.", source: https://static.licdn.com/aero-v1/sc/h/assets/sdui-bMu0n9w8.es.js (1)
[0407/202426.058:INFO:CONSOLE:1] "BooleanExpression with operator "numericEquals" had an expression that evaluated to null on one side.", source: https://static.licdn.com/aero-v1/sc/h/assets/sdui-bMu0n9w8.es.js (1)
[0407/202426.059:INFO:CONSOLE:1] "BooleanExpression with operator "numericEquals" had an expression that evaluated to null on one side.", source: https://static.licdn.com/aero-v1/sc/h/assets/sdui-bMu0n9w8.es.js (1)
[0407/202426.064:INFO:CONSOLE:1] "BooleanExpression with operator "numericEquals" had an expression that evaluated to null on one side.", source: https://static.licdn.com/aero-v1/sc/h/assets/sdui-bMu0n9w8.es.js (1)
[0407/202426.065:INFO:CONSOLE:1] "BooleanExpression with operator "numericEquals" had an expression that evaluated to null on one side.", source: https://static.licdn.com/aero-v1/sc/h/assets/sdui-bMu0n9w8.es.js (1)
[0407/202426.084:INFO:CONSOLE:1] "BooleanExpression with operator "stringEquals" had an expression that evaluated to null on one side.", source: https://static.licdn.com/aero-v1/sc/h/assets/sdui-bMu0n9w8.es.js (1)
[0407/202426.084:INFO:CONSOLE:1] "BooleanExpression with operator "not" had an expression that evaluated to null on one side.", source: https://static.licdn.com/aero-v1/sc/h/assets/sdui-bMu0n9w8.es.js (1)
[0407/202426.086:INFO:CONSOLE:1] "BooleanExpression with operator "stringEquals" had an expression that evaluated to null on one side.", source: https://static.licdn.com/aero-v1/sc/h/assets/sdui-bMu0n9w8.es.js (1)
[0407/202426.086:INFO:CONSOLE:1] "BooleanExpression with operator "not" had an expression that evaluated to null on one side.", source: https://static.licdn.com/aero-v1/sc/h/assets/sdui-bMu0n9w8.es.js (1)
[0407/202426.088:INFO:CONSOLE:1] "BooleanExpression with operator "stringEquals" had an expression that evaluated to null on one side.", source: https://static.licdn.com/aero-v1/sc/h/assets/sdui-bMu0n9w8.es.js (1)
[0407/202426.092:INFO:CONSOLE:1] "BooleanExpression with operator "or" had an expression that evaluated to null on one side.", source: https://static.licdn.com/aero-v1/sc/h/assets/sdui-bMu0n9w8.es.js (1)
[0407/202426.092:INFO:CONSOLE:1] "BooleanExpression with operator "not" had an expression that evaluated to null on one side.", source: https://static.licdn.com/aero-v1/sc/h/assets/sdui-bMu0n9w8.es.js (1)
[0407/202426.093:INFO:CONSOLE:1] "BooleanExpression with operator "and" had an expression that evaluated to null on one side.", source: https://static.licdn.com/aero-v1/sc/h/assets/sdui-bMu0n9w8.es.js (1)
[0407/202426.094:INFO:CONSOLE:1] "BooleanExpression with operator "stringEquals" had an expression that evaluated to null on one side.", source: https://static.licdn.com/aero-v1/sc/h/assets/sdui-bMu0n9w8.es.js (1)
[0407/202426.095:INFO:CONSOLE:1] "BooleanExpression with operator "or" had an expression that evaluated to null on one side.", source: https://static.licdn.com/aero-v1/sc/h/assets/sdui-bMu0n9w8.es.js (1)
[0407/202426.097:INFO:CONSOLE:1] "BooleanExpression with operator "not" had an expression that evaluated to null on one side.", source: https://static.licdn.com/aero-v1/sc/h/assets/sdui-bMu0n9w8.es.js (1)
[0407/202426.097:INFO:CONSOLE:1] "BooleanExpression with operator "and" had an expression that evaluated to null on one side.", source: https://static.licdn.com/aero-v1/sc/h/assets/sdui-bMu0n9w8.es.js (1)
[0407/202426.127:INFO:CONSOLE:1] "BooleanExpression with operator "stringEquals" had an expression that evaluated to null on one side.", source: https://static.licdn.com/aero-v1/sc/h/assets/sdui-bMu0n9w8.es.js (1)
[0407/202426.127:INFO:CONSOLE:1] "BooleanExpression with operator "stringEquals" had an expression that evaluated to null on one side.", source: https://static.licdn.com/aero-v1/sc/h/assets/sdui-bMu0n9w8.es.js (1)
[0407/202426.128:INFO:CONSOLE:1] "BooleanExpression with operator "stringEquals" had an expression that evaluated to null on one side.", source: https://static.licdn.com/aero-v1/sc/h/assets/sdui-bMu0n9w8.es.js (1)
[0407/202426.129:INFO:CONSOLE:1] "BooleanExpression with operator "stringEquals" had an expression that evaluated to null on one side.", source: https://static.licdn.com/aero-v1/sc/h/assets/sdui-bMu0n9w8.es.js (1)
[0407/202426.151:INFO:CONSOLE:1] "BooleanExpression with operator "numericGreaterThan" had an expression that evaluated to null on one side.", source: https://static.licdn.com/aero-v1/sc/h/assets/sdui-bMu0n9w8.es.js (1)
[0407/202426.153:INFO:CONSOLE:1] "BooleanExpression with operator "numericGreaterThan" had an expression that evaluated to null on one side.", source: https://static.licdn.com/aero-v1/sc/h/assets/sdui-bMu0n9w8.es.js (1)
[0407/202426.235:INFO:CONSOLE:1] "BooleanExpression with operator "numericGreaterThan" had an expression that evaluated to null on one side.", source: https://static.licdn.com/aero-v1/sc/h/assets/sdui-bMu0n9w8.es.js (1)
[0407/202426.236:INFO:CONSOLE:1] "BooleanExpression with operator "numericGreaterThan" had an expression that evaluated to null on one side.", source: https://static.licdn.com/aero-v1/sc/h/assets/sdui-bMu0n9w8.es.js (1)
[0407/202426.239:INFO:CONSOLE:1] "BooleanExpression with operator "numericGreaterThan" had an expression that evaluated to null on one side.", source: https://static.licdn.com/aero-v1/sc/h/assets/sdui-bMu0n9w8.es.js (1)
[0407/202426.239:INFO:CONSOLE:1] "BooleanExpression with operator "numericGreaterThan" had an expression that evaluated to null on one side.", source: https://static.licdn.com/aero-v1/sc/h/assets/sdui-bMu0n9w8.es.js (1)
[0407/202427.056:INFO:CONSOLE:1] "BooleanExpression with operator "numericGreaterThan" had an expression that evaluated to null on one side.", source: https://static.licdn.com/aero-v1/sc/h/assets/sdui-bMu0n9w8.es.js (1)
[0407/202427.057:INFO:CONSOLE:1] "BooleanExpression with operator "numericGreaterThan" had an expression that evaluated to null on one side.", source: https://static.licdn.com/aero-v1/sc/h/assets/sdui-bMu0n9w8.es.js (1)
[0407/202427.130:INFO:CONSOLE:1] "BooleanExpression with operator "numericGreaterThan" had an expression that evaluated to null on one side.", source: https://static.licdn.com/aero-v1/sc/h/assets/sdui-bMu0n9w8.es.js (1)
[0407/202427.131:INFO:CONSOLE:1] "BooleanExpression with operator "numericGreaterThan" had an expression that evaluated to null on one side.", source: https://static.licdn.com/aero-v1/sc/h/assets/sdui-bMu0n9w8.es.js (1)
[0407/202427.214:INFO:CONSOLE:1] "BooleanExpression with operator "numericGreaterThan" had an expression that evaluated to null on one side.", source: https://static.licdn.com/aero-v1/sc/h/assets/sdui-bMu0n9w8.es.js (1)
[0407/202427.220:INFO:CONSOLE:1] "BooleanExpression with operator "numericGreaterThan" had an expression that evaluated to null on one side.", source: https://static.licdn.com/aero-v1/sc/h/assets/sdui-bMu0n9w8.es.js (1)
[0407/202428.312:INFO:CONSOLE:1] "Attribute 'exception.tags' of type 'object' could not be converted to a proto attribute.", source: https://static.licdn.com/aero-v1/sc/h/assets/como-CRa3TOU3.es.js (1)
[0407/202428.315:INFO:CONSOLE:1] "Uncaught (in promise) Error: Minified React error #418; visit https://react.dev/errors/418?args[]= for the full message or use the non-minified dev environment for full errors and additional helpful warnings.", source: https://static.licdn.com/aero-v1/sc/h/assets/vendor-DRK-hrBg.es.js (1)
[0407/202428.389:INFO:CONSOLE:1] "BooleanExpression with operator "numericGreaterThan" had an expression that evaluated to null on one side.", source: https://static.licdn.com/aero-v1/sc/h/assets/sdui-bMu0n9w8.es.js (1)
[0407/202428.512:INFO:CONSOLE:1] "Attribute 'exception.tags' of type 'object' could not be converted to a proto attribute.", source: https://static.licdn.com/aero-v1/sc/h/assets/como-CRa3TOU3.es.js (1)
